2025-11-17 22:05:30,067 INFO o.a.j.u.JMeterUtils: Setting Locale to en_PE
2025-11-17 22:05:30,104 INFO o.a.j.JMeter: Loading user properties from: user.properties
2025-11-17 22:05:30,104 INFO o.a.j.JMeter: Loading system properties from: system.properties
2025-11-17 22:05:30,107 INFO o.a.j.JMeter: Copyright (c) 1998-2024 The Apache Software Foundation
2025-11-17 22:05:30,107 INFO o.a.j.JMeter: Version 5.6.3
2025-11-17 22:05:30,107 INFO o.a.j.JMeter: java.version=25.0.1
2025-11-17 22:05:30,107 INFO o.a.j.JMeter: java.vm.name=OpenJDK 64-Bit Server VM
2025-11-17 22:05:30,107 INFO o.a.j.JMeter: os.name=Mac OS X
2025-11-17 22:05:30,107 INFO o.a.j.JMeter: os.arch=aarch64
2025-11-17 22:05:30,107 INFO o.a.j.JMeter: os.version=13.7.6
2025-11-17 22:05:30,107 INFO o.a.j.JMeter: file.encoding=UTF-8
2025-11-17 22:05:30,107 INFO o.a.j.JMeter: java.awt.headless=null
2025-11-17 22:05:30,107 INFO o.a.j.JMeter: Max memory     =4294967296
2025-11-17 22:05:30,107 INFO o.a.j.JMeter: Available Processors =8
2025-11-17 22:05:30,114 INFO o.a.j.JMeter: Default Locale=English (Peru)
2025-11-17 22:05:30,115 INFO o.a.j.JMeter: JMeter  Locale=English (Peru)
2025-11-17 22:05:30,115 INFO o.a.j.JMeter: JMeterHome=/Users/hoanghieu/Desktop/vetautet/benchmark/apache-jmeter-5.6.3
2025-11-17 22:05:30,115 INFO o.a.j.JMeter: user.dir  =/Users/hoanghieu/Desktop/vetautet/benchmark/apache-jmeter-5.6.3/bin
2025-11-17 22:05:30,115 INFO o.a.j.JMeter: PWD       =/Users/hoanghieu/Desktop/vetautet/benchmark/apache-jmeter-5.6.3/bin
2025-11-17 22:05:30,120 INFO o.a.j.JMeter: IP: 192.168.20.253 Name: Hoangs-MacBook-Air.local FullName: 192.168.20.253
2025-11-17 22:05:30,127 INFO o.a.j.JMeter: Loaded icon properties from org/apache/jmeter/images/icon.properties
2025-11-17 22:05:30,545 INFO o.a.j.JMeterGuiLauncher: Setting LAF to: com.github.weisj.darklaf.DarkLaf:com.github.weisj.darklaf.theme.DarculaTheme
