2025-11-20 20:32:07,014 INFO o.a.j.u.JMeterUtils: Setting Locale to en_PE
2025-11-20 20:32:07,024 INFO o.a.j.JMeter: Loading user properties from: /Users/hoanghieu/Desktop/vetautet/benchmark/apache-jmeter-5.6.3/bin/user.properties
2025-11-20 20:32:07,024 INFO o.a.j.JMeter: Loading system properties from: /Users/hoanghieu/Desktop/vetautet/benchmark/apache-jmeter-5.6.3/bin/system.properties
2025-11-20 20:32:07,027 INFO o.a.j.JMeter: Copyright (c) 1998-2024 The Apache Software Foundation
2025-11-20 20:32:07,027 INFO o.a.j.JMeter: Version 5.6.3
2025-11-20 20:32:07,027 INFO o.a.j.JMeter: java.version=25.0.1
2025-11-20 20:32:07,027 INFO o.a.j.JMeter: java.vm.name=OpenJDK 64-Bit Server VM
2025-11-20 20:32:07,028 INFO o.a.j.JMeter: os.name=Mac OS X
2025-11-20 20:32:07,028 INFO o.a.j.JMeter: os.arch=aarch64
2025-11-20 20:32:07,028 INFO o.a.j.JMeter: os.version=13.7.6
2025-11-20 20:32:07,028 INFO o.a.j.JMeter: file.encoding=UTF-8
2025-11-20 20:32:07,028 INFO o.a.j.JMeter: java.awt.headless=null
2025-11-20 20:32:07,028 INFO o.a.j.JMeter: Max memory     =4294967296
2025-11-20 20:32:07,028 INFO o.a.j.JMeter: Available Processors =8
2025-11-20 20:32:07,034 INFO o.a.j.JMeter: Default Locale=English (Peru)
2025-11-20 20:32:07,034 INFO o.a.j.JMeter: JMeter  Locale=English (Peru)
2025-11-20 20:32:07,034 INFO o.a.j.JMeter: JMeterHome=/Users/hoanghieu/Desktop/vetautet/benchmark/apache-jmeter-5.6.3
2025-11-20 20:32:07,034 INFO o.a.j.JMeter: user.dir  =/Users/hoanghieu/Desktop/vetautet/benchmark/apache-jmeter-5.6.3
2025-11-20 20:32:07,034 INFO o.a.j.JMeter: PWD       =/Users/hoanghieu/Desktop/vetautet/benchmark/apache-jmeter-5.6.3
2025-11-20 20:32:07,036 INFO o.a.j.JMeter: IP: 127.0.0.1 Name: Hoangs-MacBook-Air.local FullName: localhost
2025-11-20 20:32:07,042 INFO o.a.j.JMeter: Loaded icon properties from org/apache/jmeter/images/icon.properties
2025-11-20 20:32:07,411 INFO o.a.j.JMeterGuiLauncher: Setting LAF to: com.github.weisj.darklaf.DarkLaf:com.github.weisj.darklaf.theme.DarculaTheme
2025-11-21 07:25:10,361 INFO o.a.j.p.h.s.HTTPSamplerBase: Parser for text/html is org.apache.jmeter.protocol.http.parser.LagartoBasedHtmlParser
2025-11-21 07:25:10,362 INFO o.a.j.p.h.s.HTTPSamplerBase: Parser for application/xhtml+xml is org.apache.jmeter.protocol.http.parser.LagartoBasedHtmlParser
2025-11-21 07:25:10,362 INFO o.a.j.p.h.s.HTTPSamplerBase: Parser for application/xml is org.apache.jmeter.protocol.http.parser.LagartoBasedHtmlParser
2025-11-21 07:25:10,362 INFO o.a.j.p.h.s.HTTPSamplerBase: Parser for text/xml is org.apache.jmeter.protocol.http.parser.LagartoBasedHtmlParser
2025-11-21 07:25:10,362 INFO o.a.j.p.h.s.HTTPSamplerBase: Parser for text/vnd.wap.wml is org.apache.jmeter.protocol.http.parser.RegexpHTMLParser
2025-11-21 07:25:10,363 INFO o.a.j.p.h.s.HTTPSamplerBase: Parser for text/css is org.apache.jmeter.protocol.http.parser.CssParser
